// Jest Snapshot v1, https://jestjs.io/docs/snapshot-testing

exports[`PublicationRegistry the full set of registered publication names is stable (drift guard) 1`] = `
[
  "blueprints",
  "bucketAdLibActions",
  "bucketAdLibPieces",
  "buckets",
  "coreSystem",
  "deviceTriggersPreview",
  "evaluations",
  "expectedPackageWorkStatuses",
  "expectedPackages",
  "expectedPlayoutItemsForDevice",
  "externalEventSubscriptionsForDevice",
  "externalMessageQueue",
  "ingestDataCache",
  "ingestDeviceRundownStatus",
  "ingestDeviceRundownStatusTestTool",
  "mappingsForDevice",
  "mappingsForStudio",
  "mountedTriggersForDevice",
  "mountedTriggersForDevicePreview",
  "notificationsForRundown",
  "notificationsForRundownPlaylist",
  "packageContainerStatuses",
  "packageInfos",
  "packageManagerExpectedPackages",
  "packageManagerPackageContainers",
  "packageManagerPlayoutContext",
  "peripheralDeviceCommands",
  "peripheralDeviceForDevice",
  "peripheralDevices",
  "peripheralDevicesAndSubDevices",
  "rundownLayouts",
  "rundownPlaylistForStudio",
  "rundownPlaylists",
  "rundownsForDevice",
  "rundownsInPlaylists",
  "rundownsWithShowStyleBases",
  "segments",
  "showStyleBases",
  "showStyleVariants",
  "snapshots",
  "studios",
  "timelineDatastore",
  "timelineDatastoreForDevice",
  "timelineForDevice",
  "timelineForStudio",
  "translationsBundles",
  "triggeredActions",
  "uiAdLibActions",
  "uiAdLibActionsForPart",
  "uiAdLibPieces",
  "uiAdLibPiecesForPart",
  "uiBlueprintUpgradeStatuses",
  "uiBucketContentStatuses",
  "uiPartInstances",
  "uiParts",
  "uiPieceContentStatuses",
  "uiPieceInstances",
  "uiPieces",
  "uiPiecesInfiniteStartingBefore",
  "uiRundownBaselineAdLibActions",
  "uiRundownBaselineAdLibPieces",
  "uiSegmentPartNotes",
  "uiShowStyleBase",
  "uiStudio",
  "uiTriggeredActions",
  "userActionsLog",
]
`;
